Archive member included because of file (symbol)

/usr/lib/gcc/avr/4.5.3/../../../avr/lib/avr5/libprintf_flt.a(vfprintf_flt.o)
                              (vfprintf)
/usr/lib/gcc/avr/4.5.3/../../../avr/lib/avr5/libm.a(atan2.o)
                              ./src/test/test_acceleration.o (atan2)
/usr/lib/gcc/avr/4.5.3/../../../avr/lib/avr5/libm.a(atan.o)
                              /usr/lib/gcc/avr/4.5.3/../../../avr/lib/avr5/libm.a(atan2.o) (atan)
/usr/lib/gcc/avr/4.5.3/../../../avr/lib/avr5/libm.a(divsf3x.o)
                              /usr/lib/gcc/avr/4.5.3/../../../avr/lib/avr5/libm.a(atan2.o) (__divsf3_pse)
/usr/lib/gcc/avr/4.5.3/../../../avr/lib/avr5/libm.a(floatsisf.o)
                              ./src/test/test_acceleration.o (__floatsisf)
/usr/lib/gcc/avr/4.5.3/../../../avr/lib/avr5/libm.a(fp_inf.o)
                              /usr/lib/gcc/avr/4.5.3/../../../avr/lib/avr5/libm.a(divsf3x.o) (__fp_inf)
/usr/lib/gcc/avr/4.5.3/../../../avr/lib/avr5/libm.a(fp_nan.o)
                              /usr/lib/gcc/avr/4.5.3/../../../avr/lib/avr5/libm.a(atan2.o) (__fp_nan)
/usr/lib/gcc/avr/4.5.3/../../../avr/lib/avr5/libm.a(fp_powser.o)
                              /usr/lib/gcc/avr/4.5.3/../../../avr/lib/avr5/libm.a(atan.o) (__fp_powser)
/usr/lib/gcc/avr/4.5.3/../../../avr/lib/avr5/libm.a(fp_pscA.o)
                              /usr/lib/gcc/avr/4.5.3/../../../avr/lib/avr5/libm.a(atan2.o) (__fp_pscA)
/usr/lib/gcc/avr/4.5.3/../../../avr/lib/avr5/libm.a(fp_pscB.o)
                              /usr/lib/gcc/avr/4.5.3/../../../avr/lib/avr5/libm.a(atan2.o) (__fp_pscB)
/usr/lib/gcc/avr/4.5.3/../../../avr/lib/avr5/libm.a(fp_round.o)
                              /usr/lib/gcc/avr/4.5.3/../../../avr/lib/avr5/libm.a(atan2.o) (__fp_round)
/usr/lib/gcc/avr/4.5.3/../../../avr/lib/avr5/libm.a(fp_split3.o)
                              /usr/lib/gcc/avr/4.5.3/../../../avr/lib/avr5/libm.a(atan2.o) (__fp_split3)
/usr/lib/gcc/avr/4.5.3/../../../avr/lib/avr5/libm.a(fp_zero.o)
                              /usr/lib/gcc/avr/4.5.3/../../../avr/lib/avr5/libm.a(atan2.o) (__fp_zero)
/usr/lib/gcc/avr/4.5.3/../../../avr/lib/avr5/libm.a(inverse.o)
                              /usr/lib/gcc/avr/4.5.3/../../../avr/lib/avr5/libm.a(atan.o) (inverse)
/usr/lib/gcc/avr/4.5.3/../../../avr/lib/avr5/libm.a(mulsf3.o)
                              ./src/test/test_acceleration.o (__mulsf3)
/usr/lib/gcc/avr/4.5.3/../../../avr/lib/avr5/libm.a(mulsf3x.o)
                              /usr/lib/gcc/avr/4.5.3/../../../avr/lib/avr5/libm.a(atan.o) (__mulsf3x)
/usr/lib/gcc/avr/4.5.3/../../../avr/lib/avr5/libm.a(square.o)
                              /usr/lib/gcc/avr/4.5.3/../../../avr/lib/avr5/libm.a(atan.o) (square)
/usr/lib/gcc/avr/4.5.3/../../../avr/lib/avr5/libm.a(addsf3.o)
                              /usr/lib/gcc/avr/4.5.3/../../../avr/lib/avr5/libm.a(atan2.o) (__addsf3)
/usr/lib/gcc/avr/4.5.3/../../../avr/lib/avr5/libm.a(addsf3x.o)
                              /usr/lib/gcc/avr/4.5.3/../../../avr/lib/avr5/libm.a(atan.o) (__addsf3x)
/usr/lib/gcc/avr/4.5.3/../../../avr/lib/avr5/libm.a(divsf3.o)
                              /usr/lib/gcc/avr/4.5.3/../../../avr/lib/avr5/libm.a(inverse.o) (__divsf3)
/usr/lib/gcc/avr/4.5.3/avr5/libgcc.a(_divmodhi4.o)
                              ./src/acceleration_t.o (__divmodhi4)
/usr/lib/gcc/avr/4.5.3/avr5/libgcc.a(_udivmodsi4.o)
                              ./src/lib/uart.o (__udivmodsi4)
/usr/lib/gcc/avr/4.5.3/avr5/libgcc.a(_divmodsi4.o)
                              ./src/moving_average.o (__divmodsi4)
/usr/lib/gcc/avr/4.5.3/avr5/libgcc.a(_prologue.o)
                              /usr/lib/gcc/avr/4.5.3/../../../avr/lib/avr5/libprintf_flt.a(vfprintf_flt.o) (__prologue_saves__)
/usr/lib/gcc/avr/4.5.3/avr5/libgcc.a(_epilogue.o)
                              /usr/lib/gcc/avr/4.5.3/../../../avr/lib/avr5/libprintf_flt.a(vfprintf_flt.o) (__epilogue_restores__)
/usr/lib/gcc/avr/4.5.3/avr5/libgcc.a(_exit.o)
                              /usr/lib/gcc/avr/4.5.3/../../../avr/lib/avr5/crtm64.o (exit)
/usr/lib/gcc/avr/4.5.3/avr5/libgcc.a(_copy_data.o)
                              ./src/test/test_acceleration.o (__do_copy_data)
/usr/lib/gcc/avr/4.5.3/avr5/libgcc.a(_clear_bss.o)
                              ./src/lib/twi_master.o (__do_clear_bss)
/usr/lib/gcc/avr/4.5.3/avr5/libgcc.a(_udivmodhi4.o)
                              /usr/lib/gcc/avr/4.5.3/avr5/libgcc.a(_divmodhi4.o) (__udivmodhi4)
/usr/lib/gcc/avr/4.5.3/../../../avr/lib/avr5/libc.a(ftoa_engine.o)
                              /usr/lib/gcc/avr/4.5.3/../../../avr/lib/avr5/libprintf_flt.a(vfprintf_flt.o) (__ftoa_engine)
/usr/lib/gcc/avr/4.5.3/../../../avr/lib/avr5/libc.a(strnlen_P.o)
                              /usr/lib/gcc/avr/4.5.3/../../../avr/lib/avr5/libprintf_flt.a(vfprintf_flt.o) (strnlen_P)
/usr/lib/gcc/avr/4.5.3/../../../avr/lib/avr5/libc.a(strnlen.o)
                              /usr/lib/gcc/avr/4.5.3/../../../avr/lib/avr5/libprintf_flt.a(vfprintf_flt.o) (strnlen)
/usr/lib/gcc/avr/4.5.3/../../../avr/lib/avr5/libc.a(fputc.o)
                              /usr/lib/gcc/avr/4.5.3/../../../avr/lib/avr5/libprintf_flt.a(vfprintf_flt.o) (fputc)
/usr/lib/gcc/avr/4.5.3/../../../avr/lib/avr5/libc.a(iob.o)
                              ./src/lib/uart.o (__iob)
/usr/lib/gcc/avr/4.5.3/../../../avr/lib/avr5/libc.a(printf.o)
                              ./src/test/test_acceleration.o (printf)
/usr/lib/gcc/avr/4.5.3/../../../avr/lib/avr5/libc.a(putchar.o)
                              ./src/test/test_bma020.o (putchar)
/usr/lib/gcc/avr/4.5.3/../../../avr/lib/avr5/libc.a(puts.o)
                              ./src/test/test_bma020.o (puts)
/usr/lib/gcc/avr/4.5.3/../../../avr/lib/avr5/libc.a(ultoa_invert.o)
                              /usr/lib/gcc/avr/4.5.3/../../../avr/lib/avr5/libprintf_flt.a(vfprintf_flt.o) (__ultoa_invert)

Allocating common symbols
Common symbol       size              file

rindx               0x1               ./src/lib/twi_master.o
twi_receive_buffer  0xa               ./src/lib/twi_master.o
sindx               0x1               ./src/lib/twi_master.o
transmitter         0x1               ./src/lib/twi_master.o
sla                 0x1               ./src/lib/twi_master.o
number_of_bytes     0x1               ./src/lib/twi_master.o
ready               0x1               ./src/lib/twi_master.o
__iob               0x6               /usr/lib/gcc/avr/4.5.3/../../../avr/lib/avr5/libc.a(iob.o)
twi_send_buffer     0xa               ./src/lib/twi_master.o

Memory Configuration

Name             Origin             Length             Attributes
text             0x00000000         0x00020000         xr
data             0x00800060         0x0000ffa0         rw !x
eeprom           0x00810000         0x00010000         rw !x
fuse             0x00820000         0x00000400         rw !x
lock             0x00830000         0x00000400         rw !x
signature        0x00840000         0x00000400         rw !x
*default*        0x00000000         0xffffffff

Linker script and memory map

Address of section .data set to 0x800100
LOAD /usr/lib/gcc/avr/4.5.3/../../../avr/lib/avr5/crtm64.o
LOAD ./src/test/test_acceleration.o
LOAD ./src/test/test_bma020.o
LOAD ./src/test/test_md25.o
LOAD ./src/test/test_motor_control.o
LOAD ./src/test/test_twi_master.o
LOAD ./src/lib/twi_master.o
LOAD ./src/lib/uart.o
LOAD ./src/acceleration_t.o
LOAD ./src/bma020.o
LOAD ./src/controller.o
LOAD ./src/main.o
LOAD ./src/md25.o
LOAD ./src/motor_control.o
LOAD ./src/moving_average.o
LOAD ./.metadata/.plugins/org.eclipse.cdt.make.core/specs.o
LOAD /usr/lib/gcc/avr/4.5.3/../../../avr/lib/avr5/libprintf_flt.a
LOAD /usr/lib/gcc/avr/4.5.3/../../../avr/lib/avr5/libm.a
LOAD /usr/lib/gcc/avr/4.5.3/avr5/libgcc.a
LOAD /usr/lib/gcc/avr/4.5.3/../../../avr/lib/avr5/libc.a
LOAD /usr/lib/gcc/avr/4.5.3/avr5/libgcc.a

.hash
 *(.hash)

.dynsym
 *(.dynsym)

.dynstr
 *(.dynstr)

.gnu.version
 *(.gnu.version)

.gnu.version_d
 *(.gnu.version_d)

.gnu.version_r
 *(.gnu.version_r)

.rel.init
 *(.rel.init)

.rela.init
 *(.rela.init)

.rel.text
 *(.rel.text)
 *(.rel.text.*)
 *(.rel.gnu.linkonce.t*)

.rela.text
 *(.rela.text)
 *(.rela.text.*)
 *(.rela.gnu.linkonce.t*)

.rel.fini
 *(.rel.fini)

.rela.fini
 *(.rela.fini)

.rel.rodata
 *(.rel.rodata)
 *(.rel.rodata.*)
 *(.rel.gnu.linkonce.r*)

.rela.rodata
 *(.rela.rodata)
 *(.rela.rodata.*)
 *(.rela.gnu.linkonce.r*)

.rel.data
 *(.rel.data)
 *(.rel.data.*)
 *(.rel.gnu.linkonce.d*)

.rela.data
 *(.rela.data)
 *(.rela.data.*)
 *(.rela.gnu.linkonce.d*)

.rel.ctors
 *(.rel.ctors)

.rela.ctors
 *(.rela.ctors)

.rel.dtors
 *(.rel.dtors)

.rela.dtors
 *(.rela.dtors)

.rel.got
 *(.rel.got)

.rela.got
 *(.rela.got)

.rel.bss
 *(.rel.bss)

.rela.bss
 *(.rela.bss)

.rel.plt
 *(.rel.plt)

.rela.plt
 *(.rela.plt)

.text           0x00000000     0x2efe
 *(.vectors)
 .vectors       0x00000000       0x8c /usr/lib/gcc/avr/4.5.3/../../../avr/lib/avr5/crtm64.o
                0x00000000                __vectors
                0x00000000                __vector_default
 *(.vectors)
 *(.progmem.gcc*)
 .progmem.gcc_fplib
                0x0000008c       0x2d /usr/lib/gcc/avr/4.5.3/../../../avr/lib/avr5/libm.a(atan.o)
 *(.progmem*)
 .progmem.data  0x000000b9        0x8 /usr/lib/gcc/avr/4.5.3/../../../avr/lib/avr5/libprintf_flt.a(vfprintf_flt.o)
 .progmem.data  0x000000c1       0xfa /usr/lib/gcc/avr/4.5.3/../../../avr/lib/avr5/libc.a(ftoa_engine.o)
                0x000001bc                . = ALIGN (0x2)
 *fill*         0x000001bb        0x1 00
                0x000001bc                __trampolines_start = .
 *(.trampolines)
 .trampolines   0x000001bc        0x0 linker stubs
 *(.trampolines*)
                0x000001bc                __trampolines_end = .
 *(.jumptables)
 *(.jumptables*)
 *(.lowtext)
 *(.lowtext*)
                0x000001bc                __ctors_start = .
 *(.ctors)
                0x000001bc                __ctors_end = .
                0x000001bc                __dtors_start = .
 *(.dtors)
                0x000001bc                __dtors_end = .
 SORT(*)(.ctors)
 SORT(*)(.dtors)
 *(.init0)
 .init0         0x000001bc        0x0 /usr/lib/gcc/avr/4.5.3/../../../avr/lib/avr5/crtm64.o
                0x000001bc                __init
 *(.init0)
 *(.init1)
 *(.init1)
 *(.init2)
 .init2         0x000001bc        0xc /usr/lib/gcc/avr/4.5.3/../../../avr/lib/avr5/crtm64.o
 *(.init2)
 *(.init3)
 *(.init3)
 *(.init4)
 .init4         0x000001c8       0x16 /usr/lib/gcc/avr/4.5.3/avr5/libgcc.a(_copy_data.o)
                0x000001c8                __do_copy_data
 .init4         0x000001de       0x10 /usr/lib/gcc/avr/4.5.3/avr5/libgcc.a(_clear_bss.o)
                0x000001de                __do_clear_bss
 *(.init4)
 *(.init5)
 *(.init5)
 *(.init6)
 *(.init6)
 *(.init7)
 *(.init7)
 *(.init8)
 *(.init8)
 *(.init9)
 .init9         0x000001ee        0x8 /usr/lib/gcc/avr/4.5.3/../../../avr/lib/avr5/crtm64.o
 *(.init9)
 *(.text)
 .text          0x000001f6        0x4 /usr/lib/gcc/avr/4.5.3/../../../avr/lib/avr5/crtm64.o
                0x000001f6                __vector_22
                0x000001f6                __vector_28
                0x000001f6                __vector_1
                0x000001f6                __vector_32
                0x000001f6                __vector_34
                0x000001f6                __vector_24
                0x000001f6                __vector_12
                0x000001f6                __bad_interrupt
                0x000001f6                __vector_6
                0x000001f6                __vector_31
                0x000001f6                __vector_3
                0x000001f6                __vector_23
                0x000001f6                __vector_30
                0x000001f6                __vector_25
                0x000001f6                __vector_11
                0x000001f6                __vector_13
                0x000001f6                __vector_17
                0x000001f6                __vector_19
                0x000001f6                __vector_7
                0x000001f6                __vector_27
                0x000001f6                __vector_5
                0x000001f6                __vector_4
                0x000001f6                __vector_9
                0x000001f6                __vector_2
                0x000001f6                __vector_21
                0x000001f6                __vector_29
                0x000001f6                __vector_8
                0x000001f6                __vector_26
                0x000001f6                __vector_14
                0x000001f6                __vector_10
                0x000001f6                __vector_16
                0x000001f6                __vector_18
                0x000001f6                __vector_20
 .text          0x000001fa      0x194 ./src/test/test_acceleration.o
                0x000001fa                test_acceleration_init_and_calibration
                0x00000318                test_acceleration_print_accel_and_position
 .text          0x0000038e      0x1ce ./src/test/test_bma020.o
                0x0000038e                test_bma020_settings
 .text          0x0000055c      0x2c2 ./src/test/test_md25.o
                0x0000055c                test_md25_encoders
                0x000005f2                test_md25_volts_and_currents
                0x000006b0                test_md25_mode
                0x00000766                test_md25_acceleration
 .text          0x0000081e      0x424 ./src/test/test_motor_control.o
                0x0000081e                test_motor_control_set_different_speeds
 .text          0x00000c42      0x290 ./src/test/test_twi_master.o
                0x00000c42                test_twi_master_get_bytes
                0x00000ce8                test_twi_master_write_and_read_bytes
                0x00000e2c                test_twi_master_read_and_write_bits
 .text          0x00000ed2      0x292 ./src/lib/twi_master.o
                0x00000ed2                twi_master_init
                0x00000ef0                twi_send_data
                0x00000f16                twi_receive_data
                0x00000f3a                twi_master_set_ready
                0x00000f42                __vector_33
                0x000010b4                twi_master_read_register
                0x000010da                twi_master_write_register
                0x000010f0                twi_master_read_register_bit
                0x00001118                twi_master_write_register_bit
 .text          0x00001164      0x206 ./src/lib/uart.o
                0x0000130e                UART_char_received
                0x00001318                UART_clr_rx_buf
                0x00001322                UART_init
 .text          0x0000136a      0x162 ./src/acceleration_t.o
                0x0000136a                acceleration_get_current_acceleration
                0x0000141e                acceleration_calibrate_offset
                0x0000148a                acceleration_get_offset
                0x000014b2                acceleration_init
 .text          0x000014cc      0x640 ./src/bma020.o
                0x000014cc                bma020_get_chip_id
                0x000014d8                bma020_get_ml_version
                0x000014e4                bma020_get_ai_version
                0x000014f2                bma020_read_raw_acceleration
                0x00001572                bma020_is_new_data
                0x00001596                bma020_get_status_hg
                0x000015a2                bma020_get_status_lg
                0x000015ae                bma020_get_lg_latched
                0x000015ba                bma020_reset_lg_latched
                0x000015c8                bma020_get_hg_latched
                0x000015d4                bma020_reset_hg_latched
                0x000015e2                bma020_get_alert_phase
                0x000015ee                bma020_get_self_test_result
                0x000015fa                bma020_sleep
                0x00001608                bma020_soft_reset
                0x00001616                bma020_perform_self_test_0
                0x00001624                bma020_perform_self_test_1
                0x00001632                bma020_enable_spi4
                0x00001640                bma020_is_spi4
                0x0000164c                bma020_disable_shadow
                0x0000165a                bma020_is_shadow_disabled
                0x00001666                bma020_reset_interrupt
                0x00001674                bma020_enable_new_data_int
                0x00001682                bma020_is_new_data_int
                0x0000168e                bma020_enable_lg_int
                0x0000169c                bma020_is_lg_int
                0x000016a8                bma020_enable_hg_int
                0x000016b6                bma020_is_hg_int
                0x000016c2                bma020_enable_advanced_int
                0x000016d0                bma020_is_advanced_int
                0x000016dc                bma020_enable_any_motion_int
                0x000016ea                bma020_is_any_motion_int
                0x000016f6                bma020_enable_motion_alert_int
                0x00001704                bma020_is_motion_alert_int
                0x00001710                bma020_enable_latched_int
                0x0000171e                bma020_is_latched_int
                0x0000172a                bma020_set_lg_threshold
                0x00001736                bma020_get_lg_threshold
                0x00001740                bma020_set_lg_duration
                0x0000174c                bma020_get_lg_duration
                0x00001756                bma020_set_counter_lg
                0x00001782                bma020_get_counter_lg
                0x00001792                bma020_set_lg_hysterese
                0x000017b2                bma020_get_lg_hysterese
                0x000017be                bma020_set_hg_threshold
                0x000017ca                bma020_get_hg_threshold
                0x000017d4                bma020_set_hg_duration
                0x000017e0                bma020_get_hg_duration
                0x000017ea                bma020_set_counter_hg
                0x00001816                bma020_get_counter_hg
                0x00001826                bma020_set_hg_hysterese
                0x0000184c                bma020_get_hg_hysterese
                0x0000185e                bma020_set_any_motion_threshold
                0x0000186a                bma020_get_any_motion_threshold
                0x00001874                bma020_set_any_motion_duration
                0x000018c0                bma020_get_any_motion_duration
                0x000018e4                bma020_enable_wake_up
                0x000018f2                bma020_is_wake_up
                0x000018fe                bma020_set_wake_up_pause
                0x00001966                bma020_get_wake_up_pause
                0x00001996                bma020_set_bandwidth
                0x00001a32                bma020_get_bandwidth
                0x00001a80                bma020_set_range
                0x00001ac0                bma020_get_range
                0x00001ade                bma020_set_customer_reserved_1
                0x00001aea                bma020_get_customer_reserved_1
                0x00001af4                bma020_set_customer_reserved_2
                0x00001b00                bma020_get_customer_reserved_2
                0x00001b0a                bma020_init
 .text          0x00001b0c       0xe6 ./src/controller.o
                0x00001b0c                controller_init
                0x00001b24                controller_run
                0x00001bb0                __vector_15
 .text          0x00001bf2       0x2c ./src/main.o
                0x00001bf2                main
 .text          0x00001c1e      0x18c ./src/md25.o
                0x00001c1e                md25_set_speed
                0x00001c38                md25_set_motor1_speed
                0x00001c44                md25_set_motor2_speed
                0x00001c50                md25_get_motor1_speed
                0x00001c5a                md25_get_motor2_speed
                0x00001c64                md25_set_acceleration_rate
                0x00001c70                md25_get_acceleration_rate
                0x00001c7a                md25_set_mode
                0x00001c92                md25_get_mode
                0x00001c9c                md25_get_motor_encoder
                0x00001d2c                md25_get_battery_volts
                0x00001d36                md25_get_motor_current
                0x00001d4e                md25_get_software_revision
                0x00001d58                md25_cmd_reset_encoders
                0x00001d64                md25_cmd_enable_speed_regulation
                0x00001d7c                md25_cmd_enable_i2c_timout
                0x00001d94                md25_init
 .text          0x00001daa       0x64 ./src/motor_control.o
                0x00001daa                motor_control_init
                0x00001dc0                motor_control_prepare_new_speed
                0x00001dd0                motor_control_set_new_speed
                0x00001dee                motor_control_get_current_speed
                0x00001dfe                motor_control_get_new_speed
 .text          0x00001e0e       0x7a ./src/moving_average.o
                0x00001e0e                moving_average_simple_put_element
 .text          0x00001e88        0x0 ./.metadata/.plugins/org.eclipse.cdt.make.core/specs.o
 .text          0x00001e88        0x0 /usr/lib/gcc/avr/4.5.3/../../../avr/lib/avr5/libprintf_flt.a(vfprintf_flt.o)
 .text          0x00001e88        0x0 /usr/lib/gcc/avr/4.5.3/../../../avr/lib/avr5/libm.a(atan2.o)
 .text          0x00001e88        0x0 /usr/lib/gcc/avr/4.5.3/../../../avr/lib/avr5/libm.a(atan.o)
 .text          0x00001e88        0x0 /usr/lib/gcc/avr/4.5.3/../../../avr/lib/avr5/libm.a(divsf3x.o)
 .text          0x00001e88        0x0 /usr/lib/gcc/avr/4.5.3/../../../avr/lib/avr5/libm.a(floatsisf.o)
 .text          0x00001e88        0x0 /usr/lib/gcc/avr/4.5.3/../../../avr/lib/avr5/libm.a(fp_inf.o)
 .text          0x00001e88        0x0 /usr/lib/gcc/avr/4.5.3/../../../avr/lib/avr5/libm.a(fp_nan.o)
 .text          0x00001e88        0x0 /usr/lib/gcc/avr/4.5.3/../../../avr/lib/avr5/libm.a(fp_powser.o)
 .text          0x00001e88        0x0 /usr/lib/gcc/avr/4.5.3/../../../avr/lib/avr5/libm.a(fp_pscA.o)
 .text          0x00001e88        0x0 /usr/lib/gcc/avr/4.5.3/../../../avr/lib/avr5/libm.a(fp_pscB.o)
 .text          0x00001e88        0x0 /usr/lib/gcc/avr/4.5.3/../../../avr/lib/avr5/libm.a(fp_round.o)
 .text          0x00001e88        0x0 /usr/lib/gcc/avr/4.5.3/../../../avr/lib/avr5/libm.a(fp_split3.o)
 .text          0x00001e88        0x0 /usr/lib/gcc/avr/4.5.3/../../../avr/lib/avr5/libm.a(fp_zero.o)
 .text          0x00001e88        0x0 /usr/lib/gcc/avr/4.5.3/../../../avr/lib/avr5/libm.a(inverse.o)
 .text          0x00001e88        0x0 /usr/lib/gcc/avr/4.5.3/../../../avr/lib/avr5/libm.a(mulsf3.o)
 .text          0x00001e88        0x0 /usr/lib/gcc/avr/4.5.3/../../../avr/lib/avr5/libm.a(mulsf3x.o)
 .text          0x00001e88        0x0 /usr/lib/gcc/avr/4.5.3/../../../avr/lib/avr5/libm.a(square.o)
 .text          0x00001e88        0x0 /usr/lib/gcc/avr/4.5.3/../../../avr/lib/avr5/libm.a(addsf3.o)
 .text          0x00001e88        0x0 /usr/lib/gcc/avr/4.5.3/../../../avr/lib/avr5/libm.a(addsf3x.o)
 .text          0x00001e88        0x0 /usr/lib/gcc/avr/4.5.3/../../../avr/lib/avr5/libm.a(divsf3.o)
 .text          0x00001e88        0x0 /usr/lib/gcc/avr/4.5.3/avr5/libgcc.a(_divmodhi4.o)
 .text          0x00001e88        0x0 /usr/lib/gcc/avr/4.5.3/avr5/libgcc.a(_udivmodsi4.o)
 .text          0x00001e88        0x0 /usr/lib/gcc/avr/4.5.3/avr5/libgcc.a(_divmodsi4.o)
 .text          0x00001e88        0x0 /usr/lib/gcc/avr/4.5.3/avr5/libgcc.a(_prologue.o)
 .text          0x00001e88        0x0 /usr/lib/gcc/avr/4.5.3/avr5/libgcc.a(_epilogue.o)
 .text          0x00001e88        0x0 /usr/lib/gcc/avr/4.5.3/avr5/libgcc.a(_exit.o)
 .text          0x00001e88        0x0 /usr/lib/gcc/avr/4.5.3/avr5/libgcc.a(_copy_data.o)
 .text          0x00001e88        0x0 /usr/lib/gcc/avr/4.5.3/avr5/libgcc.a(_clear_bss.o)
 .text          0x00001e88        0x0 /usr/lib/gcc/avr/4.5.3/avr5/libgcc.a(_udivmodhi4.o)
 .text          0x00001e88        0x0 /usr/lib/gcc/avr/4.5.3/../../../avr/lib/avr5/libc.a(ftoa_engine.o)
 .text          0x00001e88        0x0 /usr/lib/gcc/avr/4.5.3/../../../avr/lib/avr5/libc.a(strnlen_P.o)
 .text          0x00001e88        0x0 /usr/lib/gcc/avr/4.5.3/../../../avr/lib/avr5/libc.a(strnlen.o)
 .text          0x00001e88        0x0 /usr/lib/gcc/avr/4.5.3/../../../avr/lib/avr5/libc.a(fputc.o)
 .text          0x00001e88        0x0 /usr/lib/gcc/avr/4.5.3/../../../avr/lib/avr5/libc.a(iob.o)
 .text          0x00001e88        0x0 /usr/lib/gcc/avr/4.5.3/../../../avr/lib/avr5/libc.a(printf.o)
 .text          0x00001e88        0x0 /usr/lib/gcc/avr/4.5.3/../../../avr/lib/avr5/libc.a(putchar.o)
 .text          0x00001e88        0x0 /usr/lib/gcc/avr/4.5.3/../../../avr/lib/avr5/libc.a(puts.o)
 .text          0x00001e88        0x0 /usr/lib/gcc/avr/4.5.3/../../../avr/lib/avr5/libc.a(ultoa_invert.o)
                0x00001e88                . = ALIGN (0x2)
 *(.text.*)
 .text.avr-libc
                0x00001e88      0x70c /usr/lib/gcc/avr/4.5.3/../../../avr/lib/avr5/libprintf_flt.a(vfprintf_flt.o)
                0x00001e88                vfprintf
 .text.avr-libc.fplib
                0x00002594       0x74 /usr/lib/gcc/avr/4.5.3/../../../avr/lib/avr5/libm.a(atan2.o)
                0x000025b2                atan2
 .text.avr-libc.fplib
                0x00002608       0x50 /usr/lib/gcc/avr/4.5.3/../../../avr/lib/avr5/libm.a(atan.o)
                0x00002608                atan
 .text.avr-libc.fplib
                0x00002658       0xcc /usr/lib/gcc/avr/4.5.3/../../../avr/lib/avr5/libm.a(divsf3x.o)
                0x0000266e                __divsf3x
                0x00002672                __divsf3_pse
 .text.avr-libc.fplib
                0x00002724       0x7a /usr/lib/gcc/avr/4.5.3/../../../avr/lib/avr5/libm.a(floatsisf.o)
                0x00002724                __floatunsisf
                0x00002728                __floatsisf
 .text.avr-libc.fplib
                0x0000279e        0xc /usr/lib/gcc/avr/4.5.3/../../../avr/lib/avr5/libm.a(fp_inf.o)
                0x0000279e                __fp_inf
 .text.avr-libc.fplib
                0x000027aa        0x6 /usr/lib/gcc/avr/4.5.3/../../../avr/lib/avr5/libm.a(fp_nan.o)
                0x000027aa                __fp_nan
 .text.avr-libc.fplib
                0x000027b0       0x4a /usr/lib/gcc/avr/4.5.3/../../../avr/lib/avr5/libm.a(fp_powser.o)
                0x000027b0                __fp_powser
 .text.avr-libc.fplib
                0x000027fa        0xe /usr/lib/gcc/avr/4.5.3/../../../avr/lib/avr5/libm.a(fp_pscA.o)
                0x000027fa                __fp_pscA
 .text.avr-libc.fplib
                0x00002808        0xe /usr/lib/gcc/avr/4.5.3/../../../avr/lib/avr5/libm.a(fp_pscB.o)
                0x00002808                __fp_pscB
 .text.avr-libc.fplib
                0x00002816       0x22 /usr/lib/gcc/avr/4.5.3/../../../avr/lib/avr5/libm.a(fp_round.o)
                0x00002816                __fp_round
 .text.avr-libc.fplib
                0x00002838       0x44 /usr/lib/gcc/avr/4.5.3/../../../avr/lib/avr5/libm.a(fp_split3.o)
                0x00002838                __fp_split3
                0x00002848                __fp_splitA
 .text.avr-libc.fplib
                0x0000287c        0xe /usr/lib/gcc/avr/4.5.3/../../../avr/lib/avr5/libm.a(fp_zero.o)
                0x0000287c                __fp_zero
                0x0000287e                __fp_szero
 .text.avr-libc.fplib
                0x0000288a        0xe /usr/lib/gcc/avr/4.5.3/../../../avr/lib/avr5/libm.a(inverse.o)
                0x0000288a                inverse
 .text.avr-libc.fplib
                0x00002898        0x4 /usr/lib/gcc/avr/4.5.3/../../../avr/lib/avr5/libm.a(mulsf3.o)
                0x00002898                __mulsf3
 .text.avr-libc.fplib
                0x0000289c       0xc2 /usr/lib/gcc/avr/4.5.3/../../../avr/lib/avr5/libm.a(mulsf3x.o)
                0x000028b0                __mulsf3x
                0x000028b4                __mulsf3_pse
 .text.avr-libc.fplib
                0x0000295e        0x6 /usr/lib/gcc/avr/4.5.3/../../../avr/lib/avr5/libm.a(square.o)
                0x0000295e                square
 .text.avr-libc.fplib
                0x00002964        0xa /usr/lib/gcc/avr/4.5.3/../../../avr/lib/avr5/libm.a(addsf3.o)
                0x00002964                __subsf3
                0x00002966                __addsf3
 .text.avr-libc.fplib
                0x0000296e       0xc0 /usr/lib/gcc/avr/4.5.3/../../../avr/lib/avr5/libm.a(addsf3x.o)
                0x00002988                __addsf3x
 .text.avr-libc.fplib
                0x00002a2e        0x4 /usr/lib/gcc/avr/4.5.3/../../../avr/lib/avr5/libm.a(divsf3.o)
                0x00002a2e                __divsf3
 .text.libgcc   0x00002a32       0x26 /usr/lib/gcc/avr/4.5.3/avr5/libgcc.a(_divmodhi4.o)
                0x00002a32                __divmodhi4
                0x00002a32                _div
 .text.libgcc   0x00002a58       0x44 /usr/lib/gcc/avr/4.5.3/avr5/libgcc.a(_udivmodsi4.o)
                0x00002a58                __udivmodsi4
 .text.libgcc   0x00002a9c       0x36 /usr/lib/gcc/avr/4.5.3/avr5/libgcc.a(_divmodsi4.o)
                0x00002a9c                __divmodsi4
 .text.libgcc   0x00002ad2       0x38 /usr/lib/gcc/avr/4.5.3/avr5/libgcc.a(_prologue.o)
                0x00002ad2                __prologue_saves__
 .text.libgcc   0x00002b0a       0x36 /usr/lib/gcc/avr/4.5.3/avr5/libgcc.a(_epilogue.o)
                0x00002b0a                __epilogue_restores__
 .text.libgcc   0x00002b40        0x0 /usr/lib/gcc/avr/4.5.3/avr5/libgcc.a(_exit.o)
 .text.libgcc   0x00002b40        0x0 /usr/lib/gcc/avr/4.5.3/avr5/libgcc.a(_copy_data.o)
 .text.libgcc   0x00002b40        0x0 /usr/lib/gcc/avr/4.5.3/avr5/libgcc.a(_clear_bss.o)
 .text.libgcc   0x00002b40       0x28 /usr/lib/gcc/avr/4.5.3/avr5/libgcc.a(_udivmodhi4.o)
                0x00002b40                __udivmodhi4
 .text.avr-libc
                0x00002b68      0x1b0 /usr/lib/gcc/avr/4.5.3/../../../avr/lib/avr5/libc.a(ftoa_engine.o)
                0x00002b68                __ftoa_engine
 .text.avr-libc
                0x00002d18       0x16 /usr/lib/gcc/avr/4.5.3/../../../avr/lib/avr5/libc.a(strnlen_P.o)
                0x00002d18                strnlen_P
 .text.avr-libc
                0x00002d2e       0x16 /usr/lib/gcc/avr/4.5.3/../../../avr/lib/avr5/libc.a(strnlen.o)
                0x00002d2e                strnlen
 .text.avr-libc
                0x00002d44       0x58 /usr/lib/gcc/avr/4.5.3/../../../avr/lib/avr5/libc.a(fputc.o)
                0x00002d44                fputc
 .text.avr-libc
                0x00002d9c       0x2a /usr/lib/gcc/avr/4.5.3/../../../avr/lib/avr5/libc.a(printf.o)
                0x00002d9c                printf
 .text.avr-libc
                0x00002dc6        0xe /usr/lib/gcc/avr/4.5.3/../../../avr/lib/avr5/libc.a(putchar.o)
                0x00002dc6                putchar
 .text.avr-libc
                0x00002dd4       0x6a /usr/lib/gcc/avr/4.5.3/../../../avr/lib/avr5/libc.a(puts.o)
                0x00002dd4                puts
 .text.avr-libc
                0x00002e3e       0xbc /usr/lib/gcc/avr/4.5.3/../../../avr/lib/avr5/libc.a(ultoa_invert.o)
                0x00002e3e                __ultoa_invert
                0x00002efa                . = ALIGN (0x2)
 *(.fini9)
 .fini9         0x00002efa        0x0 /usr/lib/gcc/avr/4.5.3/avr5/libgcc.a(_exit.o)
                0x00002efa                exit
                0x00002efa                _exit
 *(.fini9)
 *(.fini8)
 *(.fini8)
 *(.fini7)
 *(.fini7)
 *(.fini6)
 *(.fini6)
 *(.fini5)
 *(.fini5)
 *(.fini4)
 *(.fini4)
 *(.fini3)
 *(.fini3)
 *(.fini2)
 *(.fini2)
 *(.fini1)
 *(.fini1)
 *(.fini0)
 .fini0         0x00002efa        0x4 /usr/lib/gcc/avr/4.5.3/avr5/libgcc.a(_exit.o)
 *(.fini0)
                0x00002efe                _etext = .

.data           0x00800100      0x25e load address 0x00002efe
                0x00800100                PROVIDE (__data_start, .)
 *(.data)
 .data          0x00800100        0x0 /usr/lib/gcc/avr/4.5.3/../../../avr/lib/avr5/crtm64.o
 .data          0x00800100       0x20 ./src/test/test_acceleration.o
 .data          0x00800120       0x4a ./src/test/test_bma020.o
 .data          0x0080016a      0x101 ./src/test/test_md25.o
 .data          0x0080026b       0x54 ./src/test/test_motor_control.o
 .data          0x008002bf       0x82 ./src/test/test_twi_master.o
 .data          0x00800341        0x0 ./src/lib/twi_master.o
 .data          0x00800341       0x1c ./src/lib/uart.o
 .data          0x0080035d        0x0 ./src/acceleration_t.o
 .data          0x0080035d        0x0 ./src/bma020.o
 .data          0x0080035d        0x0 ./src/controller.o
 .data          0x0080035d        0x0 ./src/main.o
 .data          0x0080035d        0x0 ./src/md25.o
 .data          0x0080035d        0x0 ./src/motor_control.o
 .data          0x0080035d        0x0 ./src/moving_average.o
 .data          0x0080035d        0x0 ./.metadata/.plugins/org.eclipse.cdt.make.core/specs.o
 .data          0x0080035d        0x0 /usr/lib/gcc/avr/4.5.3/../../../avr/lib/avr5/libprintf_flt.a(vfprintf_flt.o)
 .data          0x0080035d        0x0 /usr/lib/gcc/avr/4.5.3/../../../avr/lib/avr5/libm.a(atan2.o)
 .data          0x0080035d        0x0 /usr/lib/gcc/avr/4.5.3/../../../avr/lib/avr5/libm.a(atan.o)
 .data          0x0080035d        0x0 /usr/lib/gcc/avr/4.5.3/../../../avr/lib/avr5/libm.a(divsf3x.o)
 .data          0x0080035d        0x0 /usr/lib/gcc/avr/4.5.3/../../../avr/lib/avr5/libm.a(floatsisf.o)
 .data          0x0080035d        0x0 /usr/lib/gcc/avr/4.5.3/../../../avr/lib/avr5/libm.a(fp_inf.o)
 .data          0x0080035d        0x0 /usr/lib/gcc/avr/4.5.3/../../../avr/lib/avr5/libm.a(fp_nan.o)
 .data          0x0080035d        0x0 /usr/lib/gcc/avr/4.5.3/../../../avr/lib/avr5/libm.a(fp_powser.o)
 .data          0x0080035d        0x0 /usr/lib/gcc/avr/4.5.3/../../../avr/lib/avr5/libm.a(fp_pscA.o)
 .data          0x0080035d        0x0 /usr/lib/gcc/avr/4.5.3/../../../avr/lib/avr5/libm.a(fp_pscB.o)
 .data          0x0080035d        0x0 /usr/lib/gcc/avr/4.5.3/../../../avr/lib/avr5/libm.a(fp_round.o)
 .data          0x0080035d        0x0 /usr/lib/gcc/avr/4.5.3/../../../avr/lib/avr5/libm.a(fp_split3.o)
 .data          0x0080035d        0x0 /usr/lib/gcc/avr/4.5.3/../../../avr/lib/avr5/libm.a(fp_zero.o)
 .data          0x0080035d        0x0 /usr/lib/gcc/avr/4.5.3/../../../avr/lib/avr5/libm.a(inverse.o)
 .data          0x0080035d        0x0 /usr/lib/gcc/avr/4.5.3/../../../avr/lib/avr5/libm.a(mulsf3.o)
 .data          0x0080035d        0x0 /usr/lib/gcc/avr/4.5.3/../../../avr/lib/avr5/libm.a(mulsf3x.o)
 .data          0x0080035d        0x0 /usr/lib/gcc/avr/4.5.3/../../../avr/lib/avr5/libm.a(square.o)
 .data          0x0080035d        0x0 /usr/lib/gcc/avr/4.5.3/../../../avr/lib/avr5/libm.a(addsf3.o)
 .data          0x0080035d        0x0 /usr/lib/gcc/avr/4.5.3/../../../avr/lib/avr5/libm.a(addsf3x.o)
 .data          0x0080035d        0x0 /usr/lib/gcc/avr/4.5.3/../../../avr/lib/avr5/libm.a(divsf3.o)
 .data          0x0080035d        0x0 /usr/lib/gcc/avr/4.5.3/avr5/libgcc.a(_divmodhi4.o)
 .data          0x0080035d        0x0 /usr/lib/gcc/avr/4.5.3/avr5/libgcc.a(_udivmodsi4.o)
 .data          0x0080035d        0x0 /usr/lib/gcc/avr/4.5.3/avr5/libgcc.a(_divmodsi4.o)
 .data          0x0080035d        0x0 /usr/lib/gcc/avr/4.5.3/avr5/libgcc.a(_prologue.o)
 .data          0x0080035d        0x0 /usr/lib/gcc/avr/4.5.3/avr5/libgcc.a(_epilogue.o)
 .data          0x0080035d        0x0 /usr/lib/gcc/avr/4.5.3/avr5/libgcc.a(_exit.o)
 .data          0x0080035d        0x0 /usr/lib/gcc/avr/4.5.3/avr5/libgcc.a(_copy_data.o)
 .data          0x0080035d        0x0 /usr/lib/gcc/avr/4.5.3/avr5/libgcc.a(_clear_bss.o)
 .data          0x0080035d        0x0 /usr/lib/gcc/avr/4.5.3/avr5/libgcc.a(_udivmodhi4.o)
 .data          0x0080035d        0x0 /usr/lib/gcc/avr/4.5.3/../../../avr/lib/avr5/libc.a(ftoa_engine.o)
 .data          0x0080035d        0x0 /usr/lib/gcc/avr/4.5.3/../../../avr/lib/avr5/libc.a(strnlen_P.o)
 .data          0x0080035d        0x0 /usr/lib/gcc/avr/4.5.3/../../../avr/lib/avr5/libc.a(strnlen.o)
 .data          0x0080035d        0x0 /usr/lib/gcc/avr/4.5.3/../../../avr/lib/avr5/libc.a(fputc.o)
 .data          0x0080035d        0x0 /usr/lib/gcc/avr/4.5.3/../../../avr/lib/avr5/libc.a(iob.o)
 .data          0x0080035d        0x0 /usr/lib/gcc/avr/4.5.3/../../../avr/lib/avr5/libc.a(printf.o)
 .data          0x0080035d        0x0 /usr/lib/gcc/avr/4.5.3/../../../avr/lib/avr5/libc.a(putchar.o)
 .data          0x0080035d        0x0 /usr/lib/gcc/avr/4.5.3/../../../avr/lib/avr5/libc.a(puts.o)
 .data          0x0080035d        0x0 /usr/lib/gcc/avr/4.5.3/../../../avr/lib/avr5/libc.a(ultoa_invert.o)
 *(.data*)
 *(.rodata)
 *(.rodata*)
 *(.gnu.linkonce.d*)
                0x0080035e                . = ALIGN (0x2)
 *fill*         0x0080035d        0x1 00
                0x0080035e                _edata = .
                0x0080035e                PROVIDE (__data_end, .)

.bss            0x0080035e       0xc3
                0x0080035e                PROVIDE (__bss_start, .)
 *(.bss)
 .bss           0x0080035e        0x0 /usr/lib/gcc/avr/4.5.3/../../../avr/lib/avr5/crtm64.o
 .bss           0x0080035e        0x0 ./src/test/test_acceleration.o
 .bss           0x0080035e        0x0 ./src/test/test_bma020.o
 .bss           0x0080035e        0x0 ./src/test/test_md25.o
 .bss           0x0080035e        0x0 ./src/test/test_motor_control.o
 .bss           0x0080035e        0x0 ./src/test/test_twi_master.o
 .bss           0x0080035e        0x0 ./src/lib/twi_master.o
 .bss           0x0080035e       0x52 ./src/lib/uart.o
 .bss           0x008003b0       0x4b ./src/acceleration_t.o
 .bss           0x008003fb        0x0 ./src/bma020.o
 .bss           0x008003fb        0x2 ./src/controller.o
                0x008003fb                timer0_compare_reached
                0x008003fc                slot_cnt
 .bss           0x008003fd        0x0 ./src/main.o
 .bss           0x008003fd        0x0 ./src/md25.o
 .bss           0x008003fd        0x4 ./src/motor_control.o
 .bss           0x00800401        0x0 ./src/moving_average.o
 .bss           0x00800401        0x0 ./.metadata/.plugins/org.eclipse.cdt.make.core/specs.o
 .bss           0x00800401        0x0 /usr/lib/gcc/avr/4.5.3/../../../avr/lib/avr5/libprintf_flt.a(vfprintf_flt.o)
 .bss           0x00800401        0x0 /usr/lib/gcc/avr/4.5.3/../../../avr/lib/avr5/libm.a(atan2.o)
 .bss           0x00800401        0x0 /usr/lib/gcc/avr/4.5.3/../../../avr/lib/avr5/libm.a(atan.o)
 .bss           0x00800401        0x0 /usr/lib/gcc/avr/4.5.3/../../../avr/lib/avr5/libm.a(divsf3x.o)
 .bss           0x00800401        0x0 /usr/lib/gcc/avr/4.5.3/../../../avr/lib/avr5/libm.a(floatsisf.o)
 .bss           0x00800401        0x0 /usr/lib/gcc/avr/4.5.3/../../../avr/lib/avr5/libm.a(fp_inf.o)
 .bss           0x00800401        0x0 /usr/lib/gcc/avr/4.5.3/../../../avr/lib/avr5/libm.a(fp_nan.o)
 .bss           0x00800401        0x0 /usr/lib/gcc/avr/4.5.3/../../../avr/lib/avr5/libm.a(fp_powser.o)
 .bss           0x00800401        0x0 /usr/lib/gcc/avr/4.5.3/../../../avr/lib/avr5/libm.a(fp_pscA.o)
 .bss           0x00800401        0x0 /usr/lib/gcc/avr/4.5.3/../../../avr/lib/avr5/libm.a(fp_pscB.o)
 .bss           0x00800401        0x0 /usr/lib/gcc/avr/4.5.3/../../../avr/lib/avr5/libm.a(fp_round.o)
 .bss           0x00800401        0x0 /usr/lib/gcc/avr/4.5.3/../../../avr/lib/avr5/libm.a(fp_split3.o)
 .bss           0x00800401        0x0 /usr/lib/gcc/avr/4.5.3/../../../avr/lib/avr5/libm.a(fp_zero.o)
 .bss           0x00800401        0x0 /usr/lib/gcc/avr/4.5.3/../../../avr/lib/avr5/libm.a(inverse.o)
 .bss           0x00800401        0x0 /usr/lib/gcc/avr/4.5.3/../../../avr/lib/avr5/libm.a(mulsf3.o)
 .bss           0x00800401        0x0 /usr/lib/gcc/avr/4.5.3/../../../avr/lib/avr5/libm.a(mulsf3x.o)
 .bss           0x00800401        0x0 /usr/lib/gcc/avr/4.5.3/../../../avr/lib/avr5/libm.a(square.o)
 .bss           0x00800401        0x0 /usr/lib/gcc/avr/4.5.3/../../../avr/lib/avr5/libm.a(addsf3.o)
 .bss           0x00800401        0x0 /usr/lib/gcc/avr/4.5.3/../../../avr/lib/avr5/libm.a(addsf3x.o)
 .bss           0x00800401        0x0 /usr/lib/gcc/avr/4.5.3/../../../avr/lib/avr5/libm.a(divsf3.o)
 .bss           0x00800401        0x0 /usr/lib/gcc/avr/4.5.3/avr5/libgcc.a(_divmodhi4.o)
 .bss           0x00800401        0x0 /usr/lib/gcc/avr/4.5.3/avr5/libgcc.a(_udivmodsi4.o)
 .bss           0x00800401        0x0 /usr/lib/gcc/avr/4.5.3/avr5/libgcc.a(_divmodsi4.o)
 .bss           0x00800401        0x0 /usr/lib/gcc/avr/4.5.3/avr5/libgcc.a(_prologue.o)
 .bss           0x00800401        0x0 /usr/lib/gcc/avr/4.5.3/avr5/libgcc.a(_epilogue.o)
 .bss           0x00800401        0x0 /usr/lib/gcc/avr/4.5.3/avr5/libgcc.a(_exit.o)
 .bss           0x00800401        0x0 /usr/lib/gcc/avr/4.5.3/avr5/libgcc.a(_copy_data.o)
 .bss           0x00800401        0x0 /usr/lib/gcc/avr/4.5.3/avr5/libgcc.a(_clear_bss.o)
 .bss           0x00800401        0x0 /usr/lib/gcc/avr/4.5.3/avr5/libgcc.a(_udivmodhi4.o)
 .bss           0x00800401        0x0 /usr/lib/gcc/avr/4.5.3/../../../avr/lib/avr5/libc.a(ftoa_engine.o)
 .bss           0x00800401        0x0 /usr/lib/gcc/avr/4.5.3/../../../avr/lib/avr5/libc.a(strnlen_P.o)
 .bss           0x00800401        0x0 /usr/lib/gcc/avr/4.5.3/../../../avr/lib/avr5/libc.a(strnlen.o)
 .bss           0x00800401        0x0 /usr/lib/gcc/avr/4.5.3/../../../avr/lib/avr5/libc.a(fputc.o)
 .bss           0x00800401        0x0 /usr/lib/gcc/avr/4.5.3/../../../avr/lib/avr5/libc.a(iob.o)
 .bss           0x00800401        0x0 /usr/lib/gcc/avr/4.5.3/../../../avr/lib/avr5/libc.a(printf.o)
 .bss           0x00800401        0x0 /usr/lib/gcc/avr/4.5.3/../../../avr/lib/avr5/libc.a(putchar.o)
 .bss           0x00800401        0x0 /usr/lib/gcc/avr/4.5.3/../../../avr/lib/avr5/libc.a(puts.o)
 .bss           0x00800401        0x0 /usr/lib/gcc/avr/4.5.3/../../../avr/lib/avr5/libc.a(ultoa_invert.o)
 *(.bss*)
 *(COMMON)
 COMMON         0x00800401       0x1a ./src/lib/twi_master.o
                0x00800401                rindx
                0x00800402                twi_receive_buffer
                0x0080040c                sindx
                0x0080040d                transmitter
                0x0080040e                sla
                0x0080040f                number_of_bytes
                0x00800410                ready
                0x00800411                twi_send_buffer
 COMMON         0x0080041b        0x6 /usr/lib/gcc/avr/4.5.3/../../../avr/lib/avr5/libc.a(iob.o)
                0x0080041b                __iob
                0x00800421                PROVIDE (__bss_end, .)
                0x00002efe                __data_load_start = LOADADDR (.data)
                0x0000315c                __data_load_end = (__data_load_start + SIZEOF (.data))

.noinit         0x00800421        0x0
                0x00800421                PROVIDE (__noinit_start, .)
 *(.noinit*)
                0x00800421                PROVIDE (__noinit_end, .)
                0x00800421                _end = .
                0x00800421                PROVIDE (__heap_start, .)

.eeprom         0x00810000        0x0
 *(.eeprom*)
                0x00810000                __eeprom_end = .

.fuse
 *(.fuse)
 *(.lfuse)
 *(.hfuse)
 *(.efuse)

.lock
 *(.lock*)

.signature
 *(.signature*)

.stab           0x00000000     0x51cc
 *(.stab)
 .stab          0x00000000      0x6cc /usr/lib/gcc/avr/4.5.3/../../../avr/lib/avr5/crtm64.o
 .stab          0x000006cc     0x1344 /usr/lib/gcc/avr/4.5.3/../../../avr/lib/avr5/libprintf_flt.a(vfprintf_flt.o)
                               0x1350 (size before relaxing)
 .stab          0x00001a10      0x2f4 /usr/lib/gcc/avr/4.5.3/../../../avr/lib/avr5/libm.a(atan2.o)
                                0x300 (size before relaxing)
 .stab          0x00001d04      0x210 /usr/lib/gcc/avr/4.5.3/../../../avr/lib/avr5/libm.a(atan.o)
                                0x21c (size before relaxing)
 .stab          0x00001f14      0x510 /usr/lib/gcc/avr/4.5.3/../../../avr/lib/avr5/libm.a(divsf3x.o)
                                0x51c (size before relaxing)
 .stab          0x00002424      0x318 /usr/lib/gcc/avr/4.5.3/../../../avr/lib/avr5/libm.a(floatsisf.o)
                                0x324 (size before relaxing)
 .stab          0x0000273c       0x78 /usr/lib/gcc/avr/4.5.3/../../../avr/lib/avr5/libm.a(fp_inf.o)
                                 0x84 (size before relaxing)
 .stab          0x000027b4       0x54 /usr/lib/gcc/avr/4.5.3/../../../avr/lib/avr5/libm.a(fp_nan.o)
                                 0x60 (size before relaxing)
 .stab          0x00002808      0x1ec /usr/lib/gcc/avr/4.5.3/../../../avr/lib/avr5/libm.a(fp_powser.o)
                                0x1f8 (size before relaxing)
 .stab          0x000029f4       0x84 /usr/lib/gcc/avr/4.5.3/../../../avr/lib/avr5/libm.a(fp_pscA.o)
                                 0x90 (size before relaxing)
 .stab          0x00002a78       0x84 /usr/lib/gcc/avr/4.5.3/../../../avr/lib/avr5/libm.a(fp_pscB.o)
                                 0x90 (size before relaxing)
 .stab          0x00002afc       0xfc /usr/lib/gcc/avr/4.5.3/../../../avr/lib/avr5/libm.a(fp_round.o)
                                0x108 (size before relaxing)
 .stab          0x00002bf8      0x1d4 /usr/lib/gcc/avr/4.5.3/../../../avr/lib/avr5/libm.a(fp_split3.o)
                                0x1e0 (size before relaxing)
 .stab          0x00002dcc       0x90 /usr/lib/gcc/avr/4.5.3/../../../avr/lib/avr5/libm.a(fp_zero.o)
                                 0x9c (size before relaxing)
 .stab          0x00002e5c       0x84 /usr/lib/gcc/avr/4.5.3/../../../avr/lib/avr5/libm.a(inverse.o)
                                 0x90 (size before relaxing)
 .stab          0x00002ee0       0x48 /usr/lib/gcc/avr/4.5.3/../../../avr/lib/avr5/libm.a(mulsf3.o)
                                 0x54 (size before relaxing)
 .stab          0x00002f28      0x4d4 /usr/lib/gcc/avr/4.5.3/../../../avr/lib/avr5/libm.a(mulsf3x.o)
                                0x4e0 (size before relaxing)
 .stab          0x000033fc       0x54 /usr/lib/gcc/avr/4.5.3/../../../avr/lib/avr5/libm.a(square.o)
                                 0x60 (size before relaxing)
 .stab          0x00003450       0x78 /usr/lib/gcc/avr/4.5.3/../../../avr/lib/avr5/libm.a(addsf3.o)
                                 0x84 (size before relaxing)
 .stab          0x000034c8      0x4bc /usr/lib/gcc/avr/4.5.3/../../../avr/lib/avr5/libm.a(addsf3x.o)
                                0x4c8 (size before relaxing)
 .stab          0x00003984       0x48 /usr/lib/gcc/avr/4.5.3/../../../avr/lib/avr5/libm.a(divsf3.o)
                                 0x54 (size before relaxing)
 .stab          0x000039cc      0xa38 /usr/lib/gcc/avr/4.5.3/../../../avr/lib/avr5/libc.a(ftoa_engine.o)
                                0xa44 (size before relaxing)
 .stab          0x00004404       0x9c /usr/lib/gcc/avr/4.5.3/../../../avr/lib/avr5/libc.a(strnlen_P.o)
                                 0xa8 (size before relaxing)
 .stab          0x000044a0       0x9c /usr/lib/gcc/avr/4.5.3/../../../avr/lib/avr5/libc.a(strnlen.o)
                                 0xa8 (size before relaxing)
 .stab          0x0000453c      0x1e0 /usr/lib/gcc/avr/4.5.3/../../../avr/lib/avr5/libc.a(fputc.o)
                                0x3c0 (size before relaxing)
 .stab          0x0000471c      0x12c /usr/lib/gcc/avr/4.5.3/../../../avr/lib/avr5/libc.a(iob.o)
                                0x30c (size before relaxing)
 .stab          0x00004848      0x18c /usr/lib/gcc/avr/4.5.3/../../../avr/lib/avr5/libc.a(printf.o)
                                0x36c (size before relaxing)
 .stab          0x000049d4      0x180 /usr/lib/gcc/avr/4.5.3/../../../avr/lib/avr5/libc.a(putchar.o)
                                0x360 (size before relaxing)
 .stab          0x00004b54      0x1f8 /usr/lib/gcc/avr/4.5.3/../../../avr/lib/avr5/libc.a(puts.o)
                                0x3d8 (size before relaxing)
 .stab          0x00004d4c      0x480 /usr/lib/gcc/avr/4.5.3/../../../avr/lib/avr5/libc.a(ultoa_invert.o)
                                0x48c (size before relaxing)

.stabstr        0x00000000     0x10fa
 *(.stabstr)
 .stabstr       0x00000000     0x10fa /usr/lib/gcc/avr/4.5.3/../../../avr/lib/avr5/crtm64.o

.stab.excl
 *(.stab.excl)

.stab.exclstr
 *(.stab.exclstr)

.stab.index
 *(.stab.index)

.stab.indexstr
 *(.stab.indexstr)

.comment
 *(.comment)

.debug
 *(.debug)

.line
 *(.line)

.debug_srcinfo
 *(.debug_srcinfo)

.debug_sfnames
 *(.debug_sfnames)

.debug_aranges
 *(.debug_aranges)

.debug_pubnames
 *(.debug_pubnames)

.debug_info
 *(.debug_info)
 *(.gnu.linkonce.wi.*)

.debug_abbrev
 *(.debug_abbrev)

.debug_line
 *(.debug_line)

.debug_frame
 *(.debug_frame)

.debug_str
 *(.debug_str)

.debug_loc
 *(.debug_loc)

.debug_macinfo
 *(.debug_macinfo)
OUTPUT(pa-einpersonentransportmittel-hk64.elf elf32-avr)
LOAD linker stubs
